// Jest Snapshot v1, https://goo.gl/fbAQLP

exports[`(1) Mac. 1`] = `
<div
  className="download-dialog-content"
>
  <h2
    className="downloads-title"
  >
    Download
  </h2>
  <div
    className="downloads-text"
  >
    Enjoy Weebecash for iPhone, iPad and Android, as well as Windows, Mac or Linux devices
  </div>
  <div
    className="download-buttons"
  >
    <a
      className="download-button btn-desktop"
      href="https://github.com/ecency/ecency-vision/releases/download/3.0.16/Ecency-3.0.16.dmg"
      rel="noopener noreferrer"
      target="_blank"
    >
      Mac
    </a>
    <a
      className="download-button btn-android"
      href="https://android.ecency.com"
      rel="noopener noreferrer"
      target="_blank"
    >
      Android
    </a>
    <a
      className="download-button btn-ios"
      href="https://ios.ecency.com"
      rel="noopener noreferrer"
      target="_blank"
    >
      iOS
    </a>
  </div>
</div>
`;

exports[`(2) Windows. 1`] = `
<div
  className="download-dialog-content"
>
  <h2
    className="downloads-title"
  >
    Download
  </h2>
  <div
    className="downloads-text"
  >
    Enjoy Weebecash for iPhone, iPad and Android, as well as Windows, Mac or Linux devices
  </div>
  <div
    className="download-buttons"
  >
    <a
      className="download-button btn-desktop"
      href="https://github.com/ecency/ecency-vision/releases/download/3.0.16/Ecency-Setup-3.0.16.exe"
      rel="noopener noreferrer"
      target="_blank"
    >
      Windows
    </a>
    <a
      className="download-button btn-android"
      href="https://android.ecency.com"
      rel="noopener noreferrer"
      target="_blank"
    >
      Android
    </a>
    <a
      className="download-button btn-ios"
      href="https://ios.ecency.com"
      rel="noopener noreferrer"
      target="_blank"
    >
      iOS
    </a>
  </div>
</div>
`;

exports[`(3) Linux. 1`] = `
<div
  className="download-dialog-content"
>
  <h2
    className="downloads-title"
  >
    Download
  </h2>
  <div
    className="downloads-text"
  >
    Enjoy Weebecash for iPhone, iPad and Android, as well as Windows, Mac or Linux devices
  </div>
  <div
    className="download-buttons"
  >
    <a
      className="download-button btn-desktop"
      href="https://github.com/ecency/ecency-vision/releases/download/3.0.16/ecency-surfer-3.0.16.tar.gz"
      rel="noopener noreferrer"
      target="_blank"
    >
      Linux
    </a>
    <a
      className="download-button btn-android"
      href="https://android.ecency.com"
      rel="noopener noreferrer"
      target="_blank"
    >
      Android
    </a>
    <a
      className="download-button btn-ios"
      href="https://ios.ecency.com"
      rel="noopener noreferrer"
      target="_blank"
    >
      iOS
    </a>
  </div>
</div>
`;

exports[`(4) Android. 1`] = `
<div
  className="download-dialog-content"
>
  <h2
    className="downloads-title"
  >
    Download
  </h2>
  <div
    className="downloads-text"
  >
    Enjoy Weebecash for iPhone, iPad and Android, as well as Windows, Mac or Linux devices
  </div>
  <div
    className="download-buttons"
  >
    <a
      className="download-button btn-android"
      href="https://android.ecency.com"
      rel="noopener noreferrer"
      target="_blank"
    >
      Android
    </a>
  </div>
</div>
`;

exports[`(5) iOS. 1`] = `
<div
  className="download-dialog-content"
>
  <h2
    className="downloads-title"
  >
    Download
  </h2>
  <div
    className="downloads-text"
  >
    Enjoy Weebecash for iPhone, iPad and Android, as well as Windows, Mac or Linux devices
  </div>
  <div
    className="download-buttons"
  >
    <a
      className="download-button btn-ios"
      href="https://ios.ecency.com"
      rel="noopener noreferrer"
      target="_blank"
    >
      iOS
    </a>
  </div>
</div>
`;

exports[`(6) Other. 1`] = `
<div
  className="download-dialog-content"
>
  <h2
    className="downloads-title"
  >
    Download
  </h2>
  <div
    className="downloads-text"
  >
    Enjoy Weebecash for iPhone, iPad and Android, as well as Windows, Mac or Linux devices
  </div>
  <div
    className="download-buttons"
  >
    <a
      className="download-button btn-desktop"
      href="https://github.com/ecency/ecency-vision/releases/download/3.0.16/Ecency-Setup-3.0.16.exe"
      rel="noopener noreferrer"
      target="_blank"
    >
      Windows
    </a>
    <a
      className="download-button btn-android"
      href="https://android.ecency.com"
      rel="noopener noreferrer"
      target="_blank"
    >
      Android
    </a>
    <a
      className="download-button btn-ios"
      href="https://ios.ecency.com"
      rel="noopener noreferrer"
      target="_blank"
    >
      iOS
    </a>
  </div>
</div>
`;
