// Jest Snapshot v1, https://goo.gl/fbAQLP

exports[`(1) Orders render default 1`] = `
<div
  className="flex flex-col items-center rounded"
>
  <h5
    className="text-xl self-start my-4"
  >
    Buy Orders
  </h5>
  <div
    className="border dark:border-gray-700 overflow-hidden rounded-xl w-full"
  >
    <table
      className="table-auto border-collapse text-xs sm:text-sm md:text-md w-full"
    >
      <thead>
        <tr
          className="[&:last-child>td]:border-b-0 [&:nth-child(even)]:bg-light-200 dark:[&:nth-child(even)]:bg-dark-300"
        >
          <th
            className="border-b dark:border-gray-700 text-left font-[500] bg-gray-100 dark:bg-dark-200 text-sm text-gray-700 dark:text-white border-r last:border-r-0 p-2 text-xs sm:text-sm md:text-md p-1 sm:p-2 "
          >
            Price
          </th>
          <th
            className="border-b dark:border-gray-700 text-left font-[500] bg-gray-100 dark:bg-dark-200 text-sm text-gray-700 dark:text-white border-r last:border-r-0 p-2 text-xs sm:text-sm md:text-md p-1 sm:p-2 "
          >
            HIVE
          </th>
          <th
            className="border-b dark:border-gray-700 text-left font-[500] bg-gray-100 dark:bg-dark-200 text-sm text-gray-700 dark:text-white border-r last:border-r-0 p-2 text-xs sm:text-sm md:text-md p-1 sm:p-2 "
          >
            Total HBD ($)
          </th>
        </tr>
      </thead>
      <tbody>
        <tr
          className="[&:last-child>td]:border-b-0 [&:nth-child(even)]:bg-light-200 dark:[&:nth-child(even)]:bg-dark-300 pointer"
          onClick={[Function]}
        >
          <td
            className="border-b border-r dark:border-gray-700 last:border-r-0 p-1 sm:p-2 "
          >
            NaN
          </td>
          <td
            className="border-b border-r dark:border-gray-700 last:border-r-0 p-1 sm:p-2 "
          >
            string
          </td>
          <td
            className="border-b border-r dark:border-gray-700 last:border-r-0 p-1 sm:p-2 "
          >
            0.123
          </td>
        </tr>
      </tbody>
    </table>
  </div>
</div>
`;
