// Jest Snapshot v1, https://goo.gl/fbAQLP

exports[`EntryBodyExtra component renders correctly 1`] = `null`;
