// Jest Snapshot v1, https://goo.gl/fbAQLP

exports[`(1) Default render 1`] = `
Array [
  <div
    className="form-group"
  >
    <div
      className="suggestion"
    >
      <input
        className="form-control"
        id="community"
        onChange={[Function]}
        placeholder="Choose a community"
        type="text"
        value=""
      />
      <div />
    </div>
  </div>,
  <div
    className="form-group"
  >
    <input
      className="form-control"
      id="message"
      maxLength={200}
      onChange={[Function]}
      placeholder="Start the conversation with a message"
      value=""
    />
  </div>,
  <p
    className="small text-muted"
  >
    Rewards are automatically declined for the cross post and discussions under cross post will be different and will follow different community guidelines.
  </p>,
  <div
    className="d-flex justify-content-between"
  >
    <button
      className="btn btn-outline-secondary"
      disabled={false}
      onClick={[Function]}
      type="button"
    >
      Cancel
    </button>
    <button
      className="btn btn-primary"
      disabled={true}
      onClick={[Function]}
      type="button"
    >
      Confirm
       
      
    </button>
  </div>,
]
`;

exports[`(2) No subscription 1`] = `
Array [
  <div
    className="form-group"
  >
    <div
      className="suggestion"
    >
      <input
        className="form-control"
        id="community"
        onChange={[Function]}
        placeholder="Choose a community"
        type="text"
        value=""
      />
      <div />
    </div>
  </div>,
  <div
    className="form-group"
  >
    <input
      className="form-control"
      id="message"
      maxLength={200}
      onChange={[Function]}
      placeholder="Start the conversation with a message"
      value=""
    />
  </div>,
  <p
    className="small text-muted"
  >
    Rewards are automatically declined for the cross post and discussions under cross post will be different and will follow different community guidelines.
  </p>,
  <div
    className="d-flex justify-content-between"
  >
    <button
      className="btn btn-outline-secondary"
      disabled={false}
      onClick={[Function]}
      type="button"
    >
      Cancel
    </button>
    <button
      className="btn btn-primary"
      disabled={true}
      onClick={[Function]}
      type="button"
    >
      Confirm
       
      
    </button>
  </div>,
]
`;
