// Jest Snapshot v1, https://goo.gl/fbAQLP

exports[`(1) Default render 1`] = `
<div
  className="suggestion relative"
>
  <div
    className="search-box"
  >
    <div
      className="ecency-input-group flex items-stretch w-full [&>input]:rounded-[0] [&>input:first-child]:rounded-l-full [&>input:last-child]:rounded-r-full [&>.ecency-input-group-part>button]:rounded-tl-none [&>.ecency-input-group-part>button]:rounded-bl-none [&>.ecency-input-group-part>button]:h-[2.75rem]"
    >
      <div
        className="ecency-input-group-part ecency-input-group-prepend flex items-center justify-center border-r-0 rounded-tl-full rounded-bl-full bg-gray-200 dark:bg-gray-600 dark:border-gray-600 [&>svg]:w-4 [&>svg]:h-4 px-2 border-2"
        onClick={[Function]}
      >
        <svg
          fill="none"
          viewBox="0 0 24 24"
          xmlns="http://www.w3.org/2000/svg"
        >
          <path
            d="M14 5H20"
            opacity="0.4"
            stroke="currentColor"
            strokeLinecap="round"
            strokeLinejoin="round"
            strokeWidth="2"
          />
          <path
            d="M14 8H17"
            opacity="0.4"
            stroke="currentColor"
            strokeLinecap="round"
            strokeLinejoin="round"
            strokeWidth="2"
          />
          <path
            d="M21 11.5C21 16.75 16.75 21 11.5 21C6.25 21 2 16.75 2 11.5C2 6.25 6.25 2 11.5 2"
            stroke="currentColor"
            strokeLinecap="round"
            strokeLinejoin="round"
            strokeWidth="2"
          />
          <path
            d="M22 22L20 20"
            opacity="0.4"
            stroke="currentColor"
            strokeLinecap="round"
            strokeLinejoin="round"
            strokeWidth="2"
          />
        </svg>
      </div>
      <input
        autoComplete="off"
        className="border-2 rounded-3xl py-2 px-3 w-full outline-none shadow-0 focus:border-gray-500 hover:border-gray-300 duration-300 dark:border-gray-700 dark:hover:border-gray-600 dark:bg-gray-800 aria-invalid:border-red"
        onChange={[Function]}
        onKeyDown={[Function]}
        placeholder="Search 10,000,000 posts"
        type="text"
        value=""
      />
    </div>
  </div>
  <div />
</div>
`;

exports[`(2) With query 1`] = `
<div
  className="suggestion relative"
>
  <div
    className="search-box"
  >
    <div
      className="ecency-input-group flex items-stretch w-full [&>input]:rounded-[0] [&>input:first-child]:rounded-l-full [&>input:last-child]:rounded-r-full [&>.ecency-input-group-part>button]:rounded-tl-none [&>.ecency-input-group-part>button]:rounded-bl-none [&>.ecency-input-group-part>button]:h-[2.75rem]"
    >
      <div
        className="ecency-input-group-part ecency-input-group-prepend flex items-center justify-center border-r-0 rounded-tl-full rounded-bl-full bg-gray-200 dark:bg-gray-600 dark:border-gray-600 [&>svg]:w-4 [&>svg]:h-4 px-2 border-2"
        onClick={[Function]}
      >
        <svg
          fill="none"
          viewBox="0 0 24 24"
          xmlns="http://www.w3.org/2000/svg"
        >
          <path
            d="M14 5H20"
            opacity="0.4"
            stroke="currentColor"
            strokeLinecap="round"
            strokeLinejoin="round"
            strokeWidth="2"
          />
          <path
            d="M14 8H17"
            opacity="0.4"
            stroke="currentColor"
            strokeLinecap="round"
            strokeLinejoin="round"
            strokeWidth="2"
          />
          <path
            d="M21 11.5C21 16.75 16.75 21 11.5 21C6.25 21 2 16.75 2 11.5C2 6.25 6.25 2 11.5 2"
            stroke="currentColor"
            strokeLinecap="round"
            strokeLinejoin="round"
            strokeWidth="2"
          />
          <path
            d="M22 22L20 20"
            opacity="0.4"
            stroke="currentColor"
            strokeLinecap="round"
            strokeLinejoin="round"
            strokeWidth="2"
          />
        </svg>
      </div>
      <input
        autoComplete="off"
        className="border-2 rounded-3xl py-2 px-3 w-full outline-none shadow-0 focus:border-gray-500 hover:border-gray-300 duration-300 dark:border-gray-700 dark:hover:border-gray-600 dark:bg-gray-800 aria-invalid:border-red"
        onChange={[Function]}
        onKeyDown={[Function]}
        placeholder="Search 10,000,000 posts"
        type="text"
        value="foo"
      />
    </div>
  </div>
  <div />
</div>
`;
