// Jest Snapshot v1, https://goo.gl/fbAQLP

exports[`(1) Render 1`] = `
<div
  className="intro-text"
>
  <div
    className="hide-intro"
    onClick={[Function]}
  >
    <svg
      viewBox="0 0 24 24"
    >
      <path
        d="M19,6.41L17.59,5L12,10.59L6.41,5L5,6.41L10.59,12L5,17.59L6.41,19L12,13.41L17.59,19L19,17.59L13.41,12L19,6.41Z"
        fill="currentColor"
      />
    </svg>
  </div>
  <div
    className="text-content"
  >
    <h1
      className="intro-header"
    >
      Aspire to greatness
    </h1>
    <h1
      className="intro-sub-header"
    >
      <div
        className="title"
      >
        rewarding communities
      </div>
      <div
        className="get-started"
      >
        <a
          className="btn btn-primary"
          href="/signup"
          onClick={[Function]}
        >
          Get Started
        </a>
      </div>
    </h1>
  </div>
  <div
    className="cloud-1"
  />
  <div
    className="cloud-2"
  />
  <div
    className="cloud-3"
  />
</div>
`;
