// Jest Snapshot v1, https://goo.gl/fbAQLP

exports[`(1) Default render 1`] = `
<div
  style={
    Object {
      "height": "40px",
      "paddingRight": "13px",
    }
  }
>
  <div
    className="slide"
    onMouseDown={[Function]}
    onMouseUp={[Function]}
    onTouchMove={[Function]}
    onTouchStart={[Function]}
  >
    <div
      className="slide-background-line"
    >
      <div
        className="slider-line"
        style={
          Object {
            "background": "#357ce6",
            "width": "100%",
            "zIndex": 100,
          }
        }
      />
      <span
        className="slider-dot pointer-dot"
        style={
          Object {
            "background": "#357ce6",
            "left": "100%",
          }
        }
      />
      <div
        className="dots-container"
      >
        <div
          style={
            Object {
              "width": "25%",
            }
          }
        />
        <div
          style={
            Object {
              "width": "25%",
            }
          }
        >
          <span
            className="slider-dot"
            style={
              Object {
                "background": "#357ce6",
              }
            }
          />
        </div>
        <div
          style={
            Object {
              "width": "25%",
            }
          }
        >
          <span
            className="slider-dot"
            style={
              Object {
                "background": "#357ce6",
              }
            }
          />
        </div>
        <div
          style={
            Object {
              "width": "25%",
            }
          }
        >
          <span
            className="slider-dot"
            style={
              Object {
                "background": "#357ce6",
              }
            }
          />
        </div>
      </div>
    </div>
  </div>
</div>
`;
