// Jest Snapshot v1, https://goo.gl/fbAQLP

exports[`(1) Default render 1`] = `
<div
  className="key-or-hot"
>
  <form
    className="block "
    onSubmit={[Function]}
  >
    <div
      className="ecency-input-group flex items-stretch w-full [&>input]:rounded-[0] [&>input:first-child]:rounded-l-full [&>input:last-child]:rounded-r-full [&>.ecency-input-group-part>button]:rounded-tl-none [&>.ecency-input-group-part>button]:rounded-bl-none [&>.ecency-input-group-part>button]:h-[2.75rem]"
    >
      <div
        className="ecency-input-group-part ecency-input-group-prepend flex items-center justify-center border-r-0 rounded-tl-full rounded-bl-full bg-gray-200 dark:bg-gray-600 dark:border-gray-600 [&>svg]:w-4 [&>svg]:h-4 px-2 border-2"
        onClick={[Function]}
      >
        <svg
          viewBox="0 0 24 24"
        >
          <path
            d="M7,14A2,2 0 0,1 5,12A2,2 0 0,1 7,10A2,2 0 0,1 9,12A2,2 0 0,1 7,14M12.65,10C11.83,7.67 9.61,6 7,6A6,6 0 0,0 1,12A6,6 0 0,0 7,18C9.61,18 11.83,16.33 12.65,14H17V18H21V14H23V10H12.65Z"
            fill="currentColor"
          />
        </svg>
      </div>
      <input
        autoComplete="off"
        autoFocus={true}
        className="border-2 rounded-3xl py-2 px-3 w-full outline-none shadow-0 focus:border-gray-500 hover:border-gray-300 duration-300 dark:border-gray-700 dark:hover:border-gray-600 dark:bg-gray-800 aria-invalid:border-red"
        onChange={[Function]}
        placeholder="Enter active/owner/master key"
        type="password"
        value="aprivatesigningkey"
      />
      <div
        className="ecency-input-group-part ecency-input-group-append border-l-0 rounded-tr-full rounded-br-full bg-gray-200 dark:bg-gray-600 dark:border-gray-600"
        onClick={[Function]}
      >
        <button
          className="cursor-pointer rounded-full duration-300 no-wrap bg-blue-dark-sky hover:bg-blue-dark-sky-hover focus:bg-blue-dark-sky-active text-white disabled:opacity-50 disabled:hover:bg-blue-dark-sky disabled:focus:bg-blue-dark-sky h-[2.125rem] px-3 "
          disabled={false}
          onClick={[Function]}
          style={
            Object {
              "outline": "none",
            }
          }
          type="button"
        >
          <div>
            Sign
          </div>
        </button>
      </div>
    </div>
  </form>
  <div
    className="or-divider"
  >
    OR
  </div>
  <div
    className="hs-sign"
  >
    <button
      className="cursor-pointer rounded-full duration-300 no-wrap border-[1.5px] border-solid flex items-center justify-center gap-2 flex-row-reverse border-blue-dark-sky hover:border-blue-dark-sky-hover focus:border-blue-dark-sky-active text-blue-dark-sky hover:text-blue-dark-sky-hover focus:text-blue-dark-sky-active h-[2.125rem] px-3 "
      onClick={[Function]}
      style={
        Object {
          "outline": "none",
        }
      }
      type="button"
    >
      <div>
        Sign with hivesigner
      </div>
      <div
        className="flex items-center w-5 h-5 undefined"
      >
        <img
          alt="hivesigner"
          className="hs-logo"
          src="hive-signer.svg"
        />
      </div>
    </button>
  </div>
</div>
`;
