// Jest Snapshot v1, https://goo.gl/fbAQLP

exports[`(1) Empty list with no active user 1`] = `
<div
  className="discussion"
>
  <div
    className="discussion-card"
  >
    <div
      className="icon"
    >
      <svg
        viewBox="0 0 24 24"
      >
        <path
          d="M18,8H6V6H18V8M18,11H6V9H18V11M18,14H6V12H18V14M22,4A2,2 0 0,0 20,2H4A2,2 0 0,0 2,4V16A2,2 0 0,0 4,18H18L22,22V4Z"
          fill="currentColor"
        />
      </svg>
    </div>
    <div
      className="label"
    >
      Join the conversation now
    </div>
    <button
      className="cursor-pointer rounded-full duration-300 no-wrap bg-blue-dark-sky hover:bg-blue-dark-sky-hover focus:bg-blue-dark-sky-active text-white disabled:opacity-50 disabled:hover:bg-blue-dark-sky disabled:focus:bg-blue-dark-sky h-[2.125rem] px-3 "
      onClick={[Function]}
      style={
        Object {
          "outline": "none",
        }
      }
      type="button"
    >
      <div>
        Join
      </div>
    </button>
  </div>
</div>
`;

exports[`(2) Empty list with active user 1`] = `
<div
  className="discussion empty"
/>
`;
