// Jest Snapshot v1, https://goo.gl/fbAQLP

exports[`(1) renders witness card successfully 1`] = `
<div
  className="witnesses-card p-3 mb-3 border rounded"
>
  <div
    className="d-flex align-items-center justify-content-between"
  >
    <div>
      <h3>
        <a
          href="/@undefined"
          onClick={[Function]}
        >
          <b />
        </a>
      </h3>
    </div>
    <div>
      <img
        alt=""
        className="rounded-circle avatar mr-3"
        src="https://images.ecency.com/u/undefined/avatar/medium"
      />
    </div>
  </div>
  <div
    className="d-flex"
  >
    <div
      className="mr-3 d-flex"
    >
      <div
        className="mr-2"
      >
        <b>
          Rank
           :
        </b>
      </div>
      <div />
    </div>
    <div>
      <div
        className="witness-vote-btn"
        onClick={[Function]}
      >
        <div
          className="btn-witness-vote btn-up-vote voted"
        >
          <span
            className="btn-inner"
          >
            <svg
              viewBox="0 0 24 24"
            >
              <path
                d="M7.41,15.41L12,10.83L16.59,15.41L18,14L12,8L6,14L7.41,15.41Z"
                fill="currentColor"
              />
            </svg>
          </span>
        </div>
      </div>
    </div>
  </div>
  <div
    className="d-flex align-items-center"
  >
    <b>
      Miss
      : 
    </b>
    <div
      className="ml-2"
    />
     
    <div>
      <a
        className="witness-link ml-3"
        target="_external"
      >
        <svg
          viewBox="0 0 24 24"
        >
          <path
            d="M14,3V5H17.59L7.76,14.83L9.17,16.24L19,6.41V10H21V3M19,19H5V5H12V3H5C3.89,3 3,3.9 3,5V19A2,2 0 0,0 5,21H19A2,2 0 0,0 21,19V12H19V19Z"
            fill="currentColor"
          />
        </svg>
      </a>
    </div>
  </div>
  <div
    className="d-flex align-items-center"
  >
    <b>
      Miss
      : 
    </b>
    <div
      className="ml-2"
    />
  </div>
  <div
    className="d-flex align-items-center my-2 justify-content-between"
  >
    <div
      className="witness-feed"
    >
      <span
        className="inner"
      >
        $
        2
         | 
        22y
      </span>
    </div>
    <div
      className="d-flex align-items-center"
    >
      <div
        className="witness-version"
      >
        <span
          className="inner"
        />
      </div>
    </div>
  </div>
</div>
`;
