// Jest Snapshot v1, https://goo.gl/fbAQLP

exports[`(1) Default render 1`] = `
<div
  className="community-list-item "
>
  <div
    className="item-content"
  >
    <h2
      className="item-title"
    >
      <div
        className="item-details"
      >
        <span
          className="user-avatar medium"
          onClick={[Function]}
          style={
            Object {
              "backgroundImage": "url(https://images.ecency.com/u/hive-148441/avatar/medium)",
            }
          }
        />
        <a
          href="/created/hive-148441"
          onClick={[Function]}
        >
          GEMS
        </a>
      </div>
    </h2>
    <div
      className="item-about "
    >
      To highlight true Gems of Hive community with User Retention as primary objective.
    </div>
    <div
      className="item-stats"
    >
      <div
        className="stat"
      >
        4,086 members
      </div>
      <div
        className="stat"
      >
        1,796 posters
      </div>
      <div
        className="stat"
      >
        12,481 posts
      </div>
    </div>
  </div>
  <div
    className="item-controls"
  >
    <button
      className="cursor-pointer rounded-full duration-300 no-wrap bg-blue-dark-sky hover:bg-blue-dark-sky-hover focus:bg-blue-dark-sky-active text-white disabled:opacity-50 disabled:hover:bg-blue-dark-sky disabled:focus:bg-blue-dark-sky h-[2.125rem] px-3  w-full"
      onClick={[Function]}
      style={
        Object {
          "outline": "none",
        }
      }
      type="button"
    >
      <div>
        Join
      </div>
    </button>
  </div>
</div>
`;
