// Jest Snapshot v1, https://goo.gl/fbAQLP

exports[`(1) Render with data 1`] = `
<div
  className="edit-history-dialog-content loading"
>
  <div
    className="linear-progress"
  >
    <div
      className="bar bar1"
    />
    <div
      className="bar bar2"
    />
  </div>
</div>
`;
