// Jest Snapshot v1, https://goo.gl/fbAQLP

exports[`(1) Render with loaded account object 1`] = `
<div
  className="community-cover"
>
  <div
    className="cover-image"
    style={
      Object {
        "backgroundImage": "url('https://images.ecency.com/u/hive-148441/cover')",
      }
    }
  />
  <div
    className="community-stats"
  >
    <div
      className="community-stat"
    >
      <div
        className="stat-value"
      >
        4,086
      </div>
      <div
        className="stat-label"
      >
        Members
      </div>
    </div>
    <div
      className="community-stat"
    >
      <div
        className="stat-value"
      >
        $
         
        17,370
      </div>
      <div
        className="stat-label"
      >
        rewards
      </div>
    </div>
    <div
      className="community-stat"
    >
      <div
        className="stat-value"
      >
        1,796
      </div>
      <div
        className="stat-label"
      >
        posters
      </div>
    </div>
    <div
      className="community-stat"
    >
      <div
        className="stat-value"
      >
        EN
      </div>
      <div
        className="stat-label"
      >
        language
      </div>
    </div>
  </div>
  <div
    className="controls-holder"
  >
    <button
      className="cursor-pointer rounded-full duration-300 no-wrap bg-blue-dark-sky hover:bg-blue-dark-sky-hover focus:bg-blue-dark-sky-active text-white disabled:opacity-50 disabled:hover:bg-blue-dark-sky disabled:focus:bg-blue-dark-sky h-[2.125rem] px-3 "
      onClick={[Function]}
      style={
        Object {
          "outline": "none",
        }
      }
      type="button"
    >
      <div>
        Join
      </div>
    </button>
    <button
      className="cursor-pointer rounded-full duration-300 no-wrap bg-blue-dark-sky hover:bg-blue-dark-sky-hover focus:bg-blue-dark-sky-active text-white disabled:opacity-50 disabled:hover:bg-blue-dark-sky disabled:focus:bg-blue-dark-sky h-[2.125rem] px-3 "
      onClick={[Function]}
      style={
        Object {
          "outline": "none",
        }
      }
      type="button"
    >
      <div>
        New Post
      </div>
    </button>
  </div>
</div>
`;

exports[`(2) Render with not loaded account object 1`] = `
<div
  className="community-cover"
>
  <div
    className="cover-image"
    style={
      Object {
        "backgroundImage": "url('https://images.ecency.com/u/hive-148441/cover')",
      }
    }
  />
  <div
    className="community-stats"
  >
    <div
      className="community-stat"
    >
      <div
        className="stat-value"
      >
        4,086
      </div>
      <div
        className="stat-label"
      >
        Members
      </div>
    </div>
    <div
      className="community-stat"
    >
      <div
        className="stat-value"
      >
        $
         
        17,370
      </div>
      <div
        className="stat-label"
      >
        rewards
      </div>
    </div>
    <div
      className="community-stat"
    >
      <div
        className="stat-value"
      >
        1,796
      </div>
      <div
        className="stat-label"
      >
        posters
      </div>
    </div>
    <div
      className="community-stat"
    >
      <div
        className="stat-value"
      >
        EN
      </div>
      <div
        className="stat-label"
      >
        language
      </div>
    </div>
  </div>
  <div
    className="controls-holder"
  >
    <button
      className="cursor-pointer rounded-full duration-300 no-wrap bg-blue-dark-sky hover:bg-blue-dark-sky-hover focus:bg-blue-dark-sky-active text-white disabled:opacity-50 disabled:hover:bg-blue-dark-sky disabled:focus:bg-blue-dark-sky h-[2.125rem] px-3 "
      onClick={[Function]}
      style={
        Object {
          "outline": "none",
        }
      }
      type="button"
    >
      <div>
        Join
      </div>
    </button>
    <button
      className="cursor-pointer rounded-full duration-300 no-wrap bg-blue-dark-sky hover:bg-blue-dark-sky-hover focus:bg-blue-dark-sky-active text-white disabled:opacity-50 disabled:hover:bg-blue-dark-sky disabled:focus:bg-blue-dark-sky h-[2.125rem] px-3 "
      onClick={[Function]}
      style={
        Object {
          "outline": "none",
        }
      }
      type="button"
    >
      <div>
        New Post
      </div>
    </button>
  </div>
</div>
`;

exports[`(3) No bg image - Day theme 1`] = `
<div
  className="community-cover"
>
  <div
    className="cover-image"
    style={
      Object {
        "backgroundImage": "url('https://images.ecency.com/u/hive-148441/cover')",
      }
    }
  />
  <div
    className="community-stats"
  >
    <div
      className="community-stat"
    >
      <div
        className="stat-value"
      >
        4,086
      </div>
      <div
        className="stat-label"
      >
        Members
      </div>
    </div>
    <div
      className="community-stat"
    >
      <div
        className="stat-value"
      >
        $
         
        17,370
      </div>
      <div
        className="stat-label"
      >
        rewards
      </div>
    </div>
    <div
      className="community-stat"
    >
      <div
        className="stat-value"
      >
        1,796
      </div>
      <div
        className="stat-label"
      >
        posters
      </div>
    </div>
    <div
      className="community-stat"
    >
      <div
        className="stat-value"
      >
        EN
      </div>
      <div
        className="stat-label"
      >
        language
      </div>
    </div>
  </div>
  <div
    className="controls-holder"
  >
    <button
      className="cursor-pointer rounded-full duration-300 no-wrap bg-blue-dark-sky hover:bg-blue-dark-sky-hover focus:bg-blue-dark-sky-active text-white disabled:opacity-50 disabled:hover:bg-blue-dark-sky disabled:focus:bg-blue-dark-sky h-[2.125rem] px-3 "
      onClick={[Function]}
      style={
        Object {
          "outline": "none",
        }
      }
      type="button"
    >
      <div>
        Join
      </div>
    </button>
    <button
      className="cursor-pointer rounded-full duration-300 no-wrap bg-blue-dark-sky hover:bg-blue-dark-sky-hover focus:bg-blue-dark-sky-active text-white disabled:opacity-50 disabled:hover:bg-blue-dark-sky disabled:focus:bg-blue-dark-sky h-[2.125rem] px-3 "
      onClick={[Function]}
      style={
        Object {
          "outline": "none",
        }
      }
      type="button"
    >
      <div>
        New Post
      </div>
    </button>
  </div>
</div>
`;

exports[`(4) No bg image - Night theme 1`] = `
<div
  className="community-cover"
>
  <div
    className="cover-image"
    style={
      Object {
        "backgroundImage": "url('https://images.ecency.com/u/hive-148441/cover')",
      }
    }
  />
  <div
    className="community-stats"
  >
    <div
      className="community-stat"
    >
      <div
        className="stat-value"
      >
        4,086
      </div>
      <div
        className="stat-label"
      >
        Members
      </div>
    </div>
    <div
      className="community-stat"
    >
      <div
        className="stat-value"
      >
        $
         
        17,370
      </div>
      <div
        className="stat-label"
      >
        rewards
      </div>
    </div>
    <div
      className="community-stat"
    >
      <div
        className="stat-value"
      >
        1,796
      </div>
      <div
        className="stat-label"
      >
        posters
      </div>
    </div>
    <div
      className="community-stat"
    >
      <div
        className="stat-value"
      >
        EN
      </div>
      <div
        className="stat-label"
      >
        language
      </div>
    </div>
  </div>
  <div
    className="controls-holder"
  >
    <button
      className="cursor-pointer rounded-full duration-300 no-wrap bg-blue-dark-sky hover:bg-blue-dark-sky-hover focus:bg-blue-dark-sky-active text-white disabled:opacity-50 disabled:hover:bg-blue-dark-sky disabled:focus:bg-blue-dark-sky h-[2.125rem] px-3 "
      onClick={[Function]}
      style={
        Object {
          "outline": "none",
        }
      }
      type="button"
    >
      <div>
        Join
      </div>
    </button>
    <button
      className="cursor-pointer rounded-full duration-300 no-wrap bg-blue-dark-sky hover:bg-blue-dark-sky-hover focus:bg-blue-dark-sky-active text-white disabled:opacity-50 disabled:hover:bg-blue-dark-sky disabled:focus:bg-blue-dark-sky h-[2.125rem] px-3 "
      onClick={[Function]}
      style={
        Object {
          "outline": "none",
        }
      }
      type="button"
    >
      <div>
        New Post
      </div>
    </button>
  </div>
</div>
`;
